// Jest Snapshot v1, https://goo.gl/fbAQLP

exports[`ModalKitten component should render correctly 1`] = `ShallowWrapper {}`;
